{
    "seed": 2350638729334690875,
    "samples": [
        "BR110",
        "BR38400",
        "BR4800",
        "BR57600",
        "BR2400"
    ]
}