{
    "seed": -5535415922652914237,
    "samples": [
        "le",
        "le",
        "be",
        "le",
        "be"
    ]
}