{
    "seed": 5721964992102816268,
    "samples": [
        "TCP",
        "RTU",
        "RTU",
        "TCP",
        "RTU"
    ]
}