{
    "seed": 3678579690687661267,
    "samples": [
        {
            "register value": {
                "value": null,
                "type": "bits"
            },
            "uid": 219,
            "address": 16586,
            "register type": "holding register",
            "name": "fVZ5wuBNOAuzmXMsbyF",
            "description": "t=eSoiv"
        },
        {
            "register value": {
                "value": "0110111000001010",
                "type": "bits"
            },
            "uid": 215,
            "address": 23110,
            "register type": "input register",
            "name": "Uwd1cDX3pGydLmYHkiJpz_VlGRhDIVYdoylhI",
            "description": "Wx"
        },
        {
            "register value": {
                "value": null,
                "type": "bits"
            },
            "uid": 163,
            "address": 8371,
            "register type": "input register",
            "name": "UQZEjwtHDGsYqpEckIEmlygCK9eKE",
            "description": "FMXzàI&Hi:prJx="
        },
        {
            "register value": {
                "value": null,
                "type": "word"
            },
            "uid": 204,
            "address": 12668,
            "register type": "input register",
            "name": "GZY1tzhtqau",
            "description": "QècImodxFUf"
        },
        {
            "register value": {
                "value": null,
                "type": "word"
            },
            "uid": 88,
            "address": 11919,
            "register type": "input register",
            "name": "BhIuozYLPcNAYDh",
            "description": "cSEthTafVsLNèrGçXURPdr&v"
        }
    ]
}