{
    "seed": -5536796885863907185,
    "samples": [
        "even",
        "even",
        "odd",
        "even",
        "odd"
    ]
}