{
    "seed": -4917403355526497471,
    "samples": [
        {
            "parity": "even",
            "stopbits": "one",
            "baudrate": "BR19200",
            "timeout": 0
        },
        {
            "parity": "odd",
            "stopbits": "one",
            "baudrate": "BR110",
            "timeout": -290
        },
        {
            "parity": "even",
            "stopbits": "two",
            "baudrate": "BR19200",
            "timeout": 110
        },
        {
            "parity": "even",
            "stopbits": "one",
            "baudrate": "BR9600",
            "timeout": -300
        },
        {
            "parity": "odd",
            "stopbits": "one",
            "baudrate": "BR38400",
            "timeout": -280
        }
    ]
}