{
    "seed": -5372724881533468009,
    "samples": [
        "one",
        "two",
        "one",
        "one",
        "two"
    ]
}