{
    "seed": -8078223464953566829,
    "samples": [
        "le",
        "le",
        "le",
        "le",
        "le"
    ]
}